-op C:\Users\AUTOSAR\Desktop\QAC_Lab01\prqa\configs\Initial\output\c-f9e315658491024e12e0
C:\Users\AUTOSAR\Downloads\vectorcast_lab01-main\c\TempTestA.c
C:\Users\AUTOSAR\Downloads\vectorcast_lab01-main\c\database.c
C:\Users\AUTOSAR\Downloads\vectorcast_lab01-main\c\manager.c
C:\Users\AUTOSAR\Downloads\vectorcast_lab01-main\c\manager_driver.c
C:\Users\AUTOSAR\Downloads\vectorcast_lab01-main\c\whitebox.c
-op C:\Users\AUTOSAR\Desktop\QAC_Lab01\prqa\configs\Initial\output\UNIT_TESTS-d69035f4d04154a4db60
C:\Users\AUTOSAR\Downloads\vectorcast_lab01-main\lab01\build\1055443575\UNIT_TESTS\B0000001.c
C:\Users\AUTOSAR\Downloads\vectorcast_lab01-main\lab01\build\1055443575\UNIT_TESTS\B0000002.c
C:\Users\AUTOSAR\Downloads\vectorcast_lab01-main\lab01\build\1055443575\UNIT_TESTS\B0000004.c
C:\Users\AUTOSAR\Downloads\vectorcast_lab01-main\lab01\build\1055443575\UNIT_TESTS\B0000007.c
C:\Users\AUTOSAR\Downloads\vectorcast_lab01-main\lab01\build\1055443575\UNIT_TESTS\B0000008.c
C:\Users\AUTOSAR\Downloads\vectorcast_lab01-main\lab01\build\1055443575\UNIT_TESTS\B1_switch.c
C:\Users\AUTOSAR\Downloads\vectorcast_lab01-main\lab01\build\1055443575\UNIT_TESTS\B4_switch.c
C:\Users\AUTOSAR\Downloads\vectorcast_lab01-main\lab01\build\1055443575\UNIT_TESTS\HeapAndStackMonitor.c
C:\Users\AUTOSAR\Downloads\vectorcast_lab01-main\lab01\build\1055443575\UNIT_TESTS\I0000009.c
C:\Users\AUTOSAR\Downloads\vectorcast_lab01-main\lab01\build\1055443575\UNIT_TESTS\S0000003.c
C:\Users\AUTOSAR\Downloads\vectorcast_lab01-main\lab01\build\1055443575\UNIT_TESTS\S0000008.c
C:\Users\AUTOSAR\Downloads\vectorcast_lab01-main\lab01\build\1055443575\UNIT_TESTS\S0000008.tu.c
C:\Users\AUTOSAR\Downloads\vectorcast_lab01-main\lab01\build\1055443575\UNIT_TESTS\S0000009.c
C:\Users\AUTOSAR\Downloads\vectorcast_lab01-main\lab01\build\1055443575\UNIT_TESTS\S3_switch.c
C:\Users\AUTOSAR\Downloads\vectorcast_lab01-main\lab01\build\1055443575\UNIT_TESTS\USER_GLOBALS_VCAST_uc.c
C:\Users\AUTOSAR\Downloads\vectorcast_lab01-main\lab01\build\1055443575\UNIT_TESTS\c_cover_io.c
C:\Users\AUTOSAR\Downloads\vectorcast_lab01-main\lab01\build\1055443575\UNIT_TESTS\manager.tu.c
C:\Users\AUTOSAR\Downloads\vectorcast_lab01-main\lab01\build\1055443575\UNIT_TESTS\manager_appendix.c
C:\Users\AUTOSAR\Downloads\vectorcast_lab01-main\lab01\build\1055443575\UNIT_TESTS\manager_driver_prefix.c
C:\Users\AUTOSAR\Downloads\vectorcast_lab01-main\lab01\build\1055443575\UNIT_TESTS\manager_exp_inst_driver.c
C:\Users\AUTOSAR\Downloads\vectorcast_lab01-main\lab01\build\1055443575\UNIT_TESTS\manager_inst.c
C:\Users\AUTOSAR\Downloads\vectorcast_lab01-main\lab01\build\1055443575\UNIT_TESTS\manager_inst_appendix.c
C:\Users\AUTOSAR\Downloads\vectorcast_lab01-main\lab01\build\1055443575\UNIT_TESTS\manager_inst_prefix.c
C:\Users\AUTOSAR\Downloads\vectorcast_lab01-main\lab01\build\1055443575\UNIT_TESTS\manager_mod-output.c
C:\Users\AUTOSAR\Downloads\vectorcast_lab01-main\lab01\build\1055443575\UNIT_TESTS\manager_prefix.c
C:\Users\AUTOSAR\Downloads\vectorcast_lab01-main\lab01\build\1055443575\UNIT_TESTS\manager_uc.c
C:\Users\AUTOSAR\Downloads\vectorcast_lab01-main\lab01\build\1055443575\UNIT_TESTS\manager_vcast.c
C:\Users\AUTOSAR\Downloads\vectorcast_lab01-main\lab01\build\1055443575\UNIT_TESTS\vcast_configure_stub.c
C:\Users\AUTOSAR\Downloads\vectorcast_lab01-main\lab01\build\1055443575\UNIT_TESTS\vcast_preprocess.11216.1000.c
C:\Users\AUTOSAR\Downloads\vectorcast_lab01-main\lab01\build\1055443575\UNIT_TESTS\vcast_preprocess.11216.1001.c
C:\Users\AUTOSAR\Downloads\vectorcast_lab01-main\lab01\build\1055443575\UNIT_TESTS\vcast_preprocess.11216.1003.c
C:\Users\AUTOSAR\Downloads\vectorcast_lab01-main\lab01\build\1055443575\UNIT_TESTS\vcast_preprocess.11216.1008.c
C:\Users\AUTOSAR\Downloads\vectorcast_lab01-main\lab01\build\1055443575\UNIT_TESTS\vcast_preprocess.11216.1011.c
C:\Users\AUTOSAR\Downloads\vectorcast_lab01-main\lab01\build\1055443575\UNIT_TESTS\vcast_preprocess.11216.1016.c
C:\Users\AUTOSAR\Downloads\vectorcast_lab01-main\lab01\build\1055443575\UNIT_TESTS\vcast_stubs_8.c
C:\Users\AUTOSAR\Downloads\vectorcast_lab01-main\lab01\build\1055443575\UNIT_TESTS\vcast_stubs_9.c
